These expected files are used as a sanity check that the tools works.

To run, just move backup/* to bashprofilefiles/*, and compare expected and bashprofilefiles/* after running Berge!